  Geri y├╝klenecek projeler belirleniyor...
  Geri y├╝kleme i├ğin t├╝m projeler g├╝ncel.
  Accounting.Domain -> C:\Users\turko\source\repos\Accounting\Accounting.Domain\bin\Debug\net8.0\Accounting.Domain.dll
C:\Users\turko\source\repos\Accounting\Accounting.Application\Authentication\Commands\Login\LoginCommandHandler.cs(21,39): warning CS8602: Olas─▒ bir null ba┼şvurunun ba┼şvurma i┼şlemi. [C:\Users\turko\source\repos\Accounting\Accounting.Application\Accounting.Application.csproj]
C:\Users\turko\source\repos\Accounting\Accounting.Application\Authentication\Commands\RefreshToken\RefreshTokenCommandHandler.cs(24,39): warning CS8602: Olas─▒ bir null ba┼şvurunun ba┼şvurma i┼şlemi. [C:\Users\turko\source\repos\Accounting\Accounting.Application\Accounting.Application.csproj]
C:\Users\turko\source\repos\Accounting\Accounting.Application\Categories\Queries\List\GetCategoriesHandler.cs(18,24): error CS1061: 'IAppDbContext' bir 'Categories' tan─▒m─▒ i├ğermiyor ve 'IAppDbContext' t├╝r├╝nde bir ilk ba─ş─▒ms─▒z de─şi┼şken kabul eden hi├ğbir eri┼şilebilir 'Categories' geni┼şletme y├Ântemi bulunamad─▒ (bir kullanma y├Ânergeniz veya derleme ba┼şvurunuz eksik olabilir mi?) [C:\Users\turko\source\repos\Accounting\Accounting.Application\Accounting.Application.csproj]
C:\Users\turko\source\repos\Accounting\Accounting.Application\Categories\Queries\List\GetCategoriesHandler.cs(20,28): error CS1061: 'TEntity' bir 'IsDeleted' tan─▒m─▒ i├ğermiyor ve 'TEntity' t├╝r├╝nde bir ilk ba─ş─▒ms─▒z de─şi┼şken kabul eden hi├ğbir eri┼şilebilir 'IsDeleted' geni┼şletme y├Ântemi bulunamad─▒ (bir kullanma y├Ânergeniz veya derleme ba┼şvurunuz eksik olabilir mi?) [C:\Users\turko\source\repos\Accounting\Accounting.Application\Accounting.Application.csproj]
C:\Users\turko\source\repos\Accounting\Accounting.Application\Categories\Commands\Update\UpdateCategoryHandler.cs(21,33): error CS1061: 'IAppDbContext' bir 'Categories' tan─▒m─▒ i├ğermiyor ve 'IAppDbContext' t├╝r├╝nde bir ilk ba─ş─▒ms─▒z de─şi┼şken kabul eden hi├ğbir eri┼şilebilir 'Categories' geni┼şletme y├Ântemi bulunamad─▒ (bir kullanma y├Ânergeniz veya derleme ba┼şvurunuz eksik olabilir mi?) [C:\Users\turko\source\repos\Accounting\Accounting.Application\Accounting.Application.csproj]
C:\Users\turko\source\repos\Accounting\Accounting.Application\Categories\Commands\Delete\DeleteCategoryHandler.cs(14,33): error CS1061: 'IAppDbContext' bir 'Categories' tan─▒m─▒ i├ğermiyor ve 'IAppDbContext' t├╝r├╝nde bir ilk ba─ş─▒ms─▒z de─şi┼şken kabul eden hi├ğbir eri┼şilebilir 'Categories' geni┼şletme y├Ântemi bulunamad─▒ (bir kullanma y├Ânergeniz veya derleme ba┼şvurunuz eksik olabilir mi?) [C:\Users\turko\source\repos\Accounting\Accounting.Application\Accounting.Application.csproj]
C:\Users\turko\source\repos\Accounting\Accounting.Application\Categories\Commands\Create\CreateCategoryHandler.cs(26,12): error CS1061: 'IAppDbContext' bir 'Categories' tan─▒m─▒ i├ğermiyor ve 'IAppDbContext' t├╝r├╝nde bir ilk ba─ş─▒ms─▒z de─şi┼şken kabul eden hi├ğbir eri┼şilebilir 'Categories' geni┼şletme y├Ântemi bulunamad─▒ (bir kullanma y├Ânergeniz veya derleme ba┼şvurunuz eksik olabilir mi?) [C:\Users\turko\source\repos\Accounting\Accounting.Application\Accounting.Application.csproj]
C:\Users\turko\source\repos\Accounting\Accounting.Application\Users\Queries\GetById\GetUserByIdHandler.cs(31,27): warning CS8602: Olas─▒ bir null ba┼şvurunun ba┼şvurma i┼şlemi. [C:\Users\turko\source\repos\Accounting\Accounting.Application\Accounting.Application.csproj]
C:\Users\turko\source\repos\Accounting\Accounting.Application\Items\Commands\Create\CreateItemHandler.cs(63,34): error CS1061: 'IAppDbContext' bir 'Categories' tan─▒m─▒ i├ğermiyor ve 'IAppDbContext' t├╝r├╝nde bir ilk ba─ş─▒ms─▒z de─şi┼şken kabul eden hi├ğbir eri┼şilebilir 'Categories' geni┼şletme y├Ântemi bulunamad─▒ (bir kullanma y├Ânergeniz veya derleme ba┼şvurunuz eksik olabilir mi?) [C:\Users\turko\source\repos\Accounting\Accounting.Application\Accounting.Application.csproj]

Olu┼şturma BA┼ŞARISIZ OLDU.

C:\Users\turko\source\repos\Accounting\Accounting.Application\Authentication\Commands\Login\LoginCommandHandler.cs(21,39): warning CS8602: Olas─▒ bir null ba┼şvurunun ba┼şvurma i┼şlemi. [C:\Users\turko\source\repos\Accounting\Accounting.Application\Accounting.Application.csproj]
C:\Users\turko\source\repos\Accounting\Accounting.Application\Authentication\Commands\RefreshToken\RefreshTokenCommandHandler.cs(24,39): warning CS8602: Olas─▒ bir null ba┼şvurunun ba┼şvurma i┼şlemi. [C:\Users\turko\source\repos\Accounting\Accounting.Application\Accounting.Application.csproj]
C:\Users\turko\source\repos\Accounting\Accounting.Application\Users\Queries\GetById\GetUserByIdHandler.cs(31,27): warning CS8602: Olas─▒ bir null ba┼şvurunun ba┼şvurma i┼şlemi. [C:\Users\turko\source\repos\Accounting\Accounting.Application\Accounting.Application.csproj]
C:\Users\turko\source\repos\Accounting\Accounting.Application\Categories\Queries\List\GetCategoriesHandler.cs(18,24): error CS1061: 'IAppDbContext' bir 'Categories' tan─▒m─▒ i├ğermiyor ve 'IAppDbContext' t├╝r├╝nde bir ilk ba─ş─▒ms─▒z de─şi┼şken kabul eden hi├ğbir eri┼şilebilir 'Categories' geni┼şletme y├Ântemi bulunamad─▒ (bir kullanma y├Ânergeniz veya derleme ba┼şvurunuz eksik olabilir mi?) [C:\Users\turko\source\repos\Accounting\Accounting.Application\Accounting.Application.csproj]
C:\Users\turko\source\repos\Accounting\Accounting.Application\Categories\Queries\List\GetCategoriesHandler.cs(20,28): error CS1061: 'TEntity' bir 'IsDeleted' tan─▒m─▒ i├ğermiyor ve 'TEntity' t├╝r├╝nde bir ilk ba─ş─▒ms─▒z de─şi┼şken kabul eden hi├ğbir eri┼şilebilir 'IsDeleted' geni┼şletme y├Ântemi bulunamad─▒ (bir kullanma y├Ânergeniz veya derleme ba┼şvurunuz eksik olabilir mi?) [C:\Users\turko\source\repos\Accounting\Accounting.Application\Accounting.Application.csproj]
C:\Users\turko\source\repos\Accounting\Accounting.Application\Categories\Commands\Update\UpdateCategoryHandler.cs(21,33): error CS1061: 'IAppDbContext' bir 'Categories' tan─▒m─▒ i├ğermiyor ve 'IAppDbContext' t├╝r├╝nde bir ilk ba─ş─▒ms─▒z de─şi┼şken kabul eden hi├ğbir eri┼şilebilir 'Categories' geni┼şletme y├Ântemi bulunamad─▒ (bir kullanma y├Ânergeniz veya derleme ba┼şvurunuz eksik olabilir mi?) [C:\Users\turko\source\repos\Accounting\Accounting.Application\Accounting.Application.csproj]
C:\Users\turko\source\repos\Accounting\Accounting.Application\Categories\Commands\Delete\DeleteCategoryHandler.cs(14,33): error CS1061: 'IAppDbContext' bir 'Categories' tan─▒m─▒ i├ğermiyor ve 'IAppDbContext' t├╝r├╝nde bir ilk ba─ş─▒ms─▒z de─şi┼şken kabul eden hi├ğbir eri┼şilebilir 'Categories' geni┼şletme y├Ântemi bulunamad─▒ (bir kullanma y├Ânergeniz veya derleme ba┼şvurunuz eksik olabilir mi?) [C:\Users\turko\source\repos\Accounting\Accounting.Application\Accounting.Application.csproj]
C:\Users\turko\source\repos\Accounting\Accounting.Application\Categories\Commands\Create\CreateCategoryHandler.cs(26,12): error CS1061: 'IAppDbContext' bir 'Categories' tan─▒m─▒ i├ğermiyor ve 'IAppDbContext' t├╝r├╝nde bir ilk ba─ş─▒ms─▒z de─şi┼şken kabul eden hi├ğbir eri┼şilebilir 'Categories' geni┼şletme y├Ântemi bulunamad─▒ (bir kullanma y├Ânergeniz veya derleme ba┼şvurunuz eksik olabilir mi?) [C:\Users\turko\source\repos\Accounting\Accounting.Application\Accounting.Application.csproj]
C:\Users\turko\source\repos\Accounting\Accounting.Application\Items\Commands\Create\CreateItemHandler.cs(63,34): error CS1061: 'IAppDbContext' bir 'Categories' tan─▒m─▒ i├ğermiyor ve 'IAppDbContext' t├╝r├╝nde bir ilk ba─ş─▒ms─▒z de─şi┼şken kabul eden hi├ğbir eri┼şilebilir 'Categories' geni┼şletme y├Ântemi bulunamad─▒ (bir kullanma y├Ânergeniz veya derleme ba┼şvurunuz eksik olabilir mi?) [C:\Users\turko\source\repos\Accounting\Accounting.Application\Accounting.Application.csproj]
    3 Uyar─▒
    6 Hata

Ge├ğen S├╝re 00:00:02.56
