  Geri y├╝klenecek projeler belirleniyor...
  Geri y├╝kleme i├ğin t├╝m projeler g├╝ncel.
  Accounting.Domain -> C:\Users\turko\source\repos\Accounting\Accounting.Domain\bin\Debug\net8.0\Accounting.Domain.dll
  Accounting.Application -> C:\Users\turko\source\repos\Accounting\Accounting.Application\bin\Debug\net8.0\Accounting.Application.dll
  Accounting.Infrastructure -> C:\Users\turko\source\repos\Accounting\Accounting.Infrastructure\bin\Debug\net8.0\Accounting.Infrastructure.dll
C:\Users\turko\source\repos\Accounting\Accounting.Tests\BranchTests.cs(9,7): warning CS0105: 'Accounting.Application.Branches.Commands.Create' i├ğin using y├Ânergesi bu ad alan─▒nda daha ├Ânce g├Âr├╝nd├╝ [C:\Users\turko\source\repos\Accounting\Accounting.Tests\Accounting.Tests.csproj]
C:\Users\turko\source\repos\Accounting\Accounting.Tests\BranchTests.cs(10,7): warning CS0105: 'Accounting.Application.Branches.Commands.Delete' i├ğin using y├Ânergesi bu ad alan─▒nda daha ├Ânce g├Âr├╝nd├╝ [C:\Users\turko\source\repos\Accounting\Accounting.Tests\Accounting.Tests.csproj]
C:\Users\turko\source\repos\Accounting\Accounting.Tests\BranchTests.cs(11,7): warning CS0105: 'Accounting.Application.Branches.Commands.Update' i├ğin using y├Ânergesi bu ad alan─▒nda daha ├Ânce g├Âr├╝nd├╝ [C:\Users\turko\source\repos\Accounting\Accounting.Tests\Accounting.Tests.csproj]
C:\Users\turko\source\repos\Accounting\Accounting.Tests\BranchTests.cs(12,7): warning CS0105: 'Accounting.Application.Branches.Queries.GetById' i├ğin using y├Ânergesi bu ad alan─▒nda daha ├Ânce g├Âr├╝nd├╝ [C:\Users\turko\source\repos\Accounting\Accounting.Tests\Accounting.Tests.csproj]
C:\Users\turko\source\repos\Accounting\Accounting.Tests\BranchTests.cs(13,7): warning CS0105: 'Accounting.Application.Common.Exceptions' i├ğin using y├Ânergesi bu ad alan─▒nda daha ├Ânce g├Âr├╝nd├╝ [C:\Users\turko\source\repos\Accounting\Accounting.Tests\Accounting.Tests.csproj]
C:\Users\turko\source\repos\Accounting\Accounting.Tests\BranchTests.cs(14,7): warning CS0105: 'Accounting.Domain.Entities' i├ğin using y├Ânergesi bu ad alan─▒nda daha ├Ânce g├Âr├╝nd├╝ [C:\Users\turko\source\repos\Accounting\Accounting.Tests\Accounting.Tests.csproj]
C:\Users\turko\source\repos\Accounting\Accounting.Tests\BranchTests.cs(15,7): warning CS0105: 'Accounting.Infrastructure.Persistence' i├ğin using y├Ânergesi bu ad alan─▒nda daha ├Ânce g├Âr├╝nd├╝ [C:\Users\turko\source\repos\Accounting\Accounting.Tests\Accounting.Tests.csproj]
C:\Users\turko\source\repos\Accounting\Accounting.Tests\BranchTests.cs(16,7): warning CS0105: 'Accounting.Infrastructure.Persistence.Interceptors' i├ğin using y├Ânergesi bu ad alan─▒nda daha ├Ânce g├Âr├╝nd├╝ [C:\Users\turko\source\repos\Accounting\Accounting.Tests\Accounting.Tests.csproj]
C:\Users\turko\source\repos\Accounting\Accounting.Tests\CategoryTests.cs(8,7): warning CS0105: 'Accounting.Application.Categories.Commands.Create' i├ğin using y├Ânergesi bu ad alan─▒nda daha ├Ânce g├Âr├╝nd├╝ [C:\Users\turko\source\repos\Accounting\Accounting.Tests\Accounting.Tests.csproj]
C:\Users\turko\source\repos\Accounting\Accounting.Tests\CategoryTests.cs(9,7): warning CS0105: 'Accounting.Application.Categories.Commands.Delete' i├ğin using y├Ânergesi bu ad alan─▒nda daha ├Ânce g├Âr├╝nd├╝ [C:\Users\turko\source\repos\Accounting\Accounting.Tests\Accounting.Tests.csproj]
C:\Users\turko\source\repos\Accounting\Accounting.Tests\CategoryTests.cs(10,7): warning CS0105: 'Accounting.Application.Categories.Commands.Update' i├ğin using y├Ânergesi bu ad alan─▒nda daha ├Ânce g├Âr├╝nd├╝ [C:\Users\turko\source\repos\Accounting\Accounting.Tests\Accounting.Tests.csproj]
C:\Users\turko\source\repos\Accounting\Accounting.Tests\CategoryTests.cs(11,7): warning CS0105: 'Accounting.Application.Categories.Queries.List' i├ğin using y├Ânergesi bu ad alan─▒nda daha ├Ânce g├Âr├╝nd├╝ [C:\Users\turko\source\repos\Accounting\Accounting.Tests\Accounting.Tests.csproj]
C:\Users\turko\source\repos\Accounting\Accounting.Tests\CategoryTests.cs(12,7): warning CS0105: 'Accounting.Application.Common.Exceptions' i├ğin using y├Ânergesi bu ad alan─▒nda daha ├Ânce g├Âr├╝nd├╝ [C:\Users\turko\source\repos\Accounting\Accounting.Tests\Accounting.Tests.csproj]
C:\Users\turko\source\repos\Accounting\Accounting.Tests\CategoryTests.cs(13,7): warning CS0105: 'Accounting.Domain.Entities' i├ğin using y├Ânergesi bu ad alan─▒nda daha ├Ânce g├Âr├╝nd├╝ [C:\Users\turko\source\repos\Accounting\Accounting.Tests\Accounting.Tests.csproj]
C:\Users\turko\source\repos\Accounting\Accounting.Tests\CategoryTests.cs(14,7): warning CS0105: 'Accounting.Infrastructure.Persistence' i├ğin using y├Ânergesi bu ad alan─▒nda daha ├Ânce g├Âr├╝nd├╝ [C:\Users\turko\source\repos\Accounting\Accounting.Tests\Accounting.Tests.csproj]
C:\Users\turko\source\repos\Accounting\Accounting.Tests\CompanySettingsTests.cs(7,7): warning CS0105: 'Accounting.Application.Common.Exceptions' i├ğin using y├Ânergesi bu ad alan─▒nda daha ├Ânce g├Âr├╝nd├╝ [C:\Users\turko\source\repos\Accounting\Accounting.Tests\Accounting.Tests.csproj]
C:\Users\turko\source\repos\Accounting\Accounting.Tests\CompanySettingsTests.cs(8,7): warning CS0105: 'Accounting.Application.CompanySettings.Commands.Update' i├ğin using y├Ânergesi bu ad alan─▒nda daha ├Ânce g├Âr├╝nd├╝ [C:\Users\turko\source\repos\Accounting\Accounting.Tests\Accounting.Tests.csproj]
C:\Users\turko\source\repos\Accounting\Accounting.Tests\CompanySettingsTests.cs(9,7): warning CS0105: 'Accounting.Application.CompanySettings.Queries.Get' i├ğin using y├Ânergesi bu ad alan─▒nda daha ├Ânce g├Âr├╝nd├╝ [C:\Users\turko\source\repos\Accounting\Accounting.Tests\Accounting.Tests.csproj]
C:\Users\turko\source\repos\Accounting\Accounting.Tests\CompanySettingsTests.cs(10,7): warning CS0105: 'Accounting.Domain.Entities' i├ğin using y├Ânergesi bu ad alan─▒nda daha ├Ânce g├Âr├╝nd├╝ [C:\Users\turko\source\repos\Accounting\Accounting.Tests\Accounting.Tests.csproj]
C:\Users\turko\source\repos\Accounting\Accounting.Tests\CompanySettingsTests.cs(11,7): warning CS0105: 'Accounting.Infrastructure.Persistence' i├ğin using y├Ânergesi bu ad alan─▒nda daha ├Ânce g├Âr├╝nd├╝ [C:\Users\turko\source\repos\Accounting\Accounting.Tests\Accounting.Tests.csproj]
C:\Users\turko\source\repos\Accounting\Accounting.Tests\CompanySettingsTests.cs(12,7): warning CS0105: 'Accounting.Infrastructure.Persistence.Interceptors' i├ğin using y├Ânergesi bu ad alan─▒nda daha ├Ânce g├Âr├╝nd├╝ [C:\Users\turko\source\repos\Accounting\Accounting.Tests\Accounting.Tests.csproj]
C:\Users\turko\source\repos\Accounting\Accounting.Tests\AccountingTests.cs(113,49): warning CS8602: Olas─▒ bir null ba┼şvurunun ba┼şvurma i┼şlemi. [C:\Users\turko\source\repos\Accounting\Accounting.Tests\Accounting.Tests.csproj]
C:\Users\turko\source\repos\Accounting\Accounting.Tests\BranchTests.cs(96,33): warning CS8602: Olas─▒ bir null ba┼şvurunun ba┼şvurma i┼şlemi. [C:\Users\turko\source\repos\Accounting\Accounting.Tests\Accounting.Tests.csproj]
C:\Users\turko\source\repos\Accounting\Accounting.Tests\CompanySettingsTests.cs(92,38): warning CS8602: Olas─▒ bir null ba┼şvurunun ba┼şvurma i┼şlemi. [C:\Users\turko\source\repos\Accounting\Accounting.Tests\Accounting.Tests.csproj]
C:\Users\turko\source\repos\Accounting\Accounting.Tests\FixedAssetTests.cs(79,35): error CS7036: 'UpdateFixedAssetHandler.UpdateFixedAssetHandler(IAppDbContext, ICurrentUserService)'nin gerekli 'currentUserService' parametresine kar┼ş─▒l─▒k gelen herhangi bir arg├╝man yok [C:\Users\turko\source\repos\Accounting\Accounting.Tests\Accounting.Tests.csproj]
C:\Users\turko\source\repos\Accounting\Accounting.Tests\FixedAssetTests.cs(94,35): warning CS8602: Olas─▒ bir null ba┼şvurunun ba┼şvurma i┼şlemi. [C:\Users\turko\source\repos\Accounting\Accounting.Tests\Accounting.Tests.csproj]
C:\Users\turko\source\repos\Accounting\Accounting.Tests\OrderTests.cs(73,27): error CS7036: 'UpdateOrderHandler.UpdateOrderHandler(IAppDbContext, ICurrentUserService)'nin gerekli 'currentUserService' parametresine kar┼ş─▒l─▒k gelen herhangi bir arg├╝man yok [C:\Users\turko\source\repos\Accounting\Accounting.Tests\Accounting.Tests.csproj]
C:\Users\turko\source\repos\Accounting\Accounting.Tests\BranchTests.cs(137,25): warning CS8602: Olas─▒ bir null ba┼şvurunun ba┼şvurma i┼şlemi. [C:\Users\turko\source\repos\Accounting\Accounting.Tests\Accounting.Tests.csproj]
C:\Users\turko\source\repos\Accounting\Accounting.Tests\OrderTests.cs(104,27): error CS7036: 'UpdateOrderHandler.UpdateOrderHandler(IAppDbContext, ICurrentUserService)'nin gerekli 'currentUserService' parametresine kar┼ş─▒l─▒k gelen herhangi bir arg├╝man yok [C:\Users\turko\source\repos\Accounting\Accounting.Tests\Accounting.Tests.csproj]
C:\Users\turko\source\repos\Accounting\Accounting.Tests\OrderTests.cs(126,27): error CS7036: 'ApproveOrderHandler.ApproveOrderHandler(IAppDbContext, IStockService, ICurrentUserService)'nin gerekli 'currentUserService' parametresine kar┼ş─▒l─▒k gelen herhangi bir arg├╝man yok [C:\Users\turko\source\repos\Accounting\Accounting.Tests\Accounting.Tests.csproj]
C:\Users\turko\source\repos\Accounting\Accounting.Tests\FixedAssetTests.cs(118,35): error CS7036: 'DeleteFixedAssetHandler.DeleteFixedAssetHandler(IAppDbContext, ICurrentUserService)'nin gerekli 'currentUserService' parametresine kar┼ş─▒l─▒k gelen herhangi bir arg├╝man yok [C:\Users\turko\source\repos\Accounting\Accounting.Tests\Accounting.Tests.csproj]
C:\Users\turko\source\repos\Accounting\Accounting.Tests\FixedAssetTests.cs(125,29): warning CS8602: Olas─▒ bir null ba┼şvurunun ba┼şvurma i┼şlemi. [C:\Users\turko\source\repos\Accounting\Accounting.Tests\Accounting.Tests.csproj]
  Accounting.Api -> C:\Users\turko\source\repos\Accounting\Accounting.Api\bin\Debug\net8.0\Accounting.Api.dll

Olu┼şturma BA┼ŞARISIZ OLDU.

C:\Users\turko\source\repos\Accounting\Accounting.Tests\BranchTests.cs(9,7): warning CS0105: 'Accounting.Application.Branches.Commands.Create' i├ğin using y├Ânergesi bu ad alan─▒nda daha ├Ânce g├Âr├╝nd├╝ [C:\Users\turko\source\repos\Accounting\Accounting.Tests\Accounting.Tests.csproj]
C:\Users\turko\source\repos\Accounting\Accounting.Tests\BranchTests.cs(10,7): warning CS0105: 'Accounting.Application.Branches.Commands.Delete' i├ğin using y├Ânergesi bu ad alan─▒nda daha ├Ânce g├Âr├╝nd├╝ [C:\Users\turko\source\repos\Accounting\Accounting.Tests\Accounting.Tests.csproj]
C:\Users\turko\source\repos\Accounting\Accounting.Tests\BranchTests.cs(11,7): warning CS0105: 'Accounting.Application.Branches.Commands.Update' i├ğin using y├Ânergesi bu ad alan─▒nda daha ├Ânce g├Âr├╝nd├╝ [C:\Users\turko\source\repos\Accounting\Accounting.Tests\Accounting.Tests.csproj]
C:\Users\turko\source\repos\Accounting\Accounting.Tests\BranchTests.cs(12,7): warning CS0105: 'Accounting.Application.Branches.Queries.GetById' i├ğin using y├Ânergesi bu ad alan─▒nda daha ├Ânce g├Âr├╝nd├╝ [C:\Users\turko\source\repos\Accounting\Accounting.Tests\Accounting.Tests.csproj]
C:\Users\turko\source\repos\Accounting\Accounting.Tests\BranchTests.cs(13,7): warning CS0105: 'Accounting.Application.Common.Exceptions' i├ğin using y├Ânergesi bu ad alan─▒nda daha ├Ânce g├Âr├╝nd├╝ [C:\Users\turko\source\repos\Accounting\Accounting.Tests\Accounting.Tests.csproj]
C:\Users\turko\source\repos\Accounting\Accounting.Tests\BranchTests.cs(14,7): warning CS0105: 'Accounting.Domain.Entities' i├ğin using y├Ânergesi bu ad alan─▒nda daha ├Ânce g├Âr├╝nd├╝ [C:\Users\turko\source\repos\Accounting\Accounting.Tests\Accounting.Tests.csproj]
C:\Users\turko\source\repos\Accounting\Accounting.Tests\BranchTests.cs(15,7): warning CS0105: 'Accounting.Infrastructure.Persistence' i├ğin using y├Ânergesi bu ad alan─▒nda daha ├Ânce g├Âr├╝nd├╝ [C:\Users\turko\source\repos\Accounting\Accounting.Tests\Accounting.Tests.csproj]
C:\Users\turko\source\repos\Accounting\Accounting.Tests\BranchTests.cs(16,7): warning CS0105: 'Accounting.Infrastructure.Persistence.Interceptors' i├ğin using y├Ânergesi bu ad alan─▒nda daha ├Ânce g├Âr├╝nd├╝ [C:\Users\turko\source\repos\Accounting\Accounting.Tests\Accounting.Tests.csproj]
C:\Users\turko\source\repos\Accounting\Accounting.Tests\CategoryTests.cs(8,7): warning CS0105: 'Accounting.Application.Categories.Commands.Create' i├ğin using y├Ânergesi bu ad alan─▒nda daha ├Ânce g├Âr├╝nd├╝ [C:\Users\turko\source\repos\Accounting\Accounting.Tests\Accounting.Tests.csproj]
C:\Users\turko\source\repos\Accounting\Accounting.Tests\CategoryTests.cs(9,7): warning CS0105: 'Accounting.Application.Categories.Commands.Delete' i├ğin using y├Ânergesi bu ad alan─▒nda daha ├Ânce g├Âr├╝nd├╝ [C:\Users\turko\source\repos\Accounting\Accounting.Tests\Accounting.Tests.csproj]
C:\Users\turko\source\repos\Accounting\Accounting.Tests\CategoryTests.cs(10,7): warning CS0105: 'Accounting.Application.Categories.Commands.Update' i├ğin using y├Ânergesi bu ad alan─▒nda daha ├Ânce g├Âr├╝nd├╝ [C:\Users\turko\source\repos\Accounting\Accounting.Tests\Accounting.Tests.csproj]
C:\Users\turko\source\repos\Accounting\Accounting.Tests\CategoryTests.cs(11,7): warning CS0105: 'Accounting.Application.Categories.Queries.List' i├ğin using y├Ânergesi bu ad alan─▒nda daha ├Ânce g├Âr├╝nd├╝ [C:\Users\turko\source\repos\Accounting\Accounting.Tests\Accounting.Tests.csproj]
C:\Users\turko\source\repos\Accounting\Accounting.Tests\CategoryTests.cs(12,7): warning CS0105: 'Accounting.Application.Common.Exceptions' i├ğin using y├Ânergesi bu ad alan─▒nda daha ├Ânce g├Âr├╝nd├╝ [C:\Users\turko\source\repos\Accounting\Accounting.Tests\Accounting.Tests.csproj]
C:\Users\turko\source\repos\Accounting\Accounting.Tests\CategoryTests.cs(13,7): warning CS0105: 'Accounting.Domain.Entities' i├ğin using y├Ânergesi bu ad alan─▒nda daha ├Ânce g├Âr├╝nd├╝ [C:\Users\turko\source\repos\Accounting\Accounting.Tests\Accounting.Tests.csproj]
C:\Users\turko\source\repos\Accounting\Accounting.Tests\CategoryTests.cs(14,7): warning CS0105: 'Accounting.Infrastructure.Persistence' i├ğin using y├Ânergesi bu ad alan─▒nda daha ├Ânce g├Âr├╝nd├╝ [C:\Users\turko\source\repos\Accounting\Accounting.Tests\Accounting.Tests.csproj]
C:\Users\turko\source\repos\Accounting\Accounting.Tests\CompanySettingsTests.cs(7,7): warning CS0105: 'Accounting.Application.Common.Exceptions' i├ğin using y├Ânergesi bu ad alan─▒nda daha ├Ânce g├Âr├╝nd├╝ [C:\Users\turko\source\repos\Accounting\Accounting.Tests\Accounting.Tests.csproj]
C:\Users\turko\source\repos\Accounting\Accounting.Tests\CompanySettingsTests.cs(8,7): warning CS0105: 'Accounting.Application.CompanySettings.Commands.Update' i├ğin using y├Ânergesi bu ad alan─▒nda daha ├Ânce g├Âr├╝nd├╝ [C:\Users\turko\source\repos\Accounting\Accounting.Tests\Accounting.Tests.csproj]
C:\Users\turko\source\repos\Accounting\Accounting.Tests\CompanySettingsTests.cs(9,7): warning CS0105: 'Accounting.Application.CompanySettings.Queries.Get' i├ğin using y├Ânergesi bu ad alan─▒nda daha ├Ânce g├Âr├╝nd├╝ [C:\Users\turko\source\repos\Accounting\Accounting.Tests\Accounting.Tests.csproj]
C:\Users\turko\source\repos\Accounting\Accounting.Tests\CompanySettingsTests.cs(10,7): warning CS0105: 'Accounting.Domain.Entities' i├ğin using y├Ânergesi bu ad alan─▒nda daha ├Ânce g├Âr├╝nd├╝ [C:\Users\turko\source\repos\Accounting\Accounting.Tests\Accounting.Tests.csproj]
C:\Users\turko\source\repos\Accounting\Accounting.Tests\CompanySettingsTests.cs(11,7): warning CS0105: 'Accounting.Infrastructure.Persistence' i├ğin using y├Ânergesi bu ad alan─▒nda daha ├Ânce g├Âr├╝nd├╝ [C:\Users\turko\source\repos\Accounting\Accounting.Tests\Accounting.Tests.csproj]
C:\Users\turko\source\repos\Accounting\Accounting.Tests\CompanySettingsTests.cs(12,7): warning CS0105: 'Accounting.Infrastructure.Persistence.Interceptors' i├ğin using y├Ânergesi bu ad alan─▒nda daha ├Ânce g├Âr├╝nd├╝ [C:\Users\turko\source\repos\Accounting\Accounting.Tests\Accounting.Tests.csproj]
C:\Users\turko\source\repos\Accounting\Accounting.Tests\AccountingTests.cs(113,49): warning CS8602: Olas─▒ bir null ba┼şvurunun ba┼şvurma i┼şlemi. [C:\Users\turko\source\repos\Accounting\Accounting.Tests\Accounting.Tests.csproj]
C:\Users\turko\source\repos\Accounting\Accounting.Tests\BranchTests.cs(96,33): warning CS8602: Olas─▒ bir null ba┼şvurunun ba┼şvurma i┼şlemi. [C:\Users\turko\source\repos\Accounting\Accounting.Tests\Accounting.Tests.csproj]
C:\Users\turko\source\repos\Accounting\Accounting.Tests\CompanySettingsTests.cs(92,38): warning CS8602: Olas─▒ bir null ba┼şvurunun ba┼şvurma i┼şlemi. [C:\Users\turko\source\repos\Accounting\Accounting.Tests\Accounting.Tests.csproj]
C:\Users\turko\source\repos\Accounting\Accounting.Tests\FixedAssetTests.cs(94,35): warning CS8602: Olas─▒ bir null ba┼şvurunun ba┼şvurma i┼şlemi. [C:\Users\turko\source\repos\Accounting\Accounting.Tests\Accounting.Tests.csproj]
C:\Users\turko\source\repos\Accounting\Accounting.Tests\BranchTests.cs(137,25): warning CS8602: Olas─▒ bir null ba┼şvurunun ba┼şvurma i┼şlemi. [C:\Users\turko\source\repos\Accounting\Accounting.Tests\Accounting.Tests.csproj]
C:\Users\turko\source\repos\Accounting\Accounting.Tests\FixedAssetTests.cs(125,29): warning CS8602: Olas─▒ bir null ba┼şvurunun ba┼şvurma i┼şlemi. [C:\Users\turko\source\repos\Accounting\Accounting.Tests\Accounting.Tests.csproj]
C:\Users\turko\source\repos\Accounting\Accounting.Tests\FixedAssetTests.cs(79,35): error CS7036: 'UpdateFixedAssetHandler.UpdateFixedAssetHandler(IAppDbContext, ICurrentUserService)'nin gerekli 'currentUserService' parametresine kar┼ş─▒l─▒k gelen herhangi bir arg├╝man yok [C:\Users\turko\source\repos\Accounting\Accounting.Tests\Accounting.Tests.csproj]
C:\Users\turko\source\repos\Accounting\Accounting.Tests\OrderTests.cs(73,27): error CS7036: 'UpdateOrderHandler.UpdateOrderHandler(IAppDbContext, ICurrentUserService)'nin gerekli 'currentUserService' parametresine kar┼ş─▒l─▒k gelen herhangi bir arg├╝man yok [C:\Users\turko\source\repos\Accounting\Accounting.Tests\Accounting.Tests.csproj]
C:\Users\turko\source\repos\Accounting\Accounting.Tests\OrderTests.cs(104,27): error CS7036: 'UpdateOrderHandler.UpdateOrderHandler(IAppDbContext, ICurrentUserService)'nin gerekli 'currentUserService' parametresine kar┼ş─▒l─▒k gelen herhangi bir arg├╝man yok [C:\Users\turko\source\repos\Accounting\Accounting.Tests\Accounting.Tests.csproj]
C:\Users\turko\source\repos\Accounting\Accounting.Tests\OrderTests.cs(126,27): error CS7036: 'ApproveOrderHandler.ApproveOrderHandler(IAppDbContext, IStockService, ICurrentUserService)'nin gerekli 'currentUserService' parametresine kar┼ş─▒l─▒k gelen herhangi bir arg├╝man yok [C:\Users\turko\source\repos\Accounting\Accounting.Tests\Accounting.Tests.csproj]
C:\Users\turko\source\repos\Accounting\Accounting.Tests\FixedAssetTests.cs(118,35): error CS7036: 'DeleteFixedAssetHandler.DeleteFixedAssetHandler(IAppDbContext, ICurrentUserService)'nin gerekli 'currentUserService' parametresine kar┼ş─▒l─▒k gelen herhangi bir arg├╝man yok [C:\Users\turko\source\repos\Accounting\Accounting.Tests\Accounting.Tests.csproj]
    27 Uyar─▒
    5 Hata

Ge├ğen S├╝re 00:00:05.00
